<html>
<body>
<pre>
<h1>µVision Build Log</h1>
<h2>Tool Versions:</h2>
IDE-Version: ¦ÌVision V5.26.2.0
Copyright (C) 2018 ARM Ltd and ARM Germany GmbH. All rights reserved.
License Information: 1 1, 1, LIC=KRMW3-AZX3P-30JNC-7GEF3-4TU5Z-MF3WZ
 
Tool Versions:
Toolchain:       MDK-ARM Plus  Version: 5.26.2.0
Toolchain Path:  D:\AllPath\MDK\ARM\ARMCC\Bin
C Compiler:      Armcc.exe V5.06 update 6 (build 750)
Assembler:       Armasm.exe V5.06 update 6 (build 750)
Linker/Locator:  ArmLink.exe V5.06 update 6 (build 750)
Library Manager: ArmAr.exe V5.06 update 6 (build 750)
Hex Converter:   FromElf.exe V5.06 update 6 (build 750)
CPU DLL:         SARMCM3.DLL V5.26.2.0
Dialog DLL:      DCM.DLL V1.17.2.0
Target DLL:      Segger\JL2CM3.dll V2.99.31.0
Dialog DLL:      TCM.DLL V1.36.1.0
 
<h2>Project:</h2>
G:\STM32\STM32Project\KEIL5\¿âº¯Êý\0004.LED01()\USER\LED.uvprojx
Project File Date:  08/05/2021

<h2>Output:</h2>
*** Using Compiler 'V5.06 update 6 (build 750)', folder: 'D:\AllPath\MDK\ARM\ARMCC\Bin'
Rebuild target 'LED'
assembling startup_stm32f10x_hd.s...
compiling core_cm3.c...
compiling led.c...
compiling stm32f10x_gpio.c...
compiling main.c...
compiling misc.c...
compiling system_stm32f10x.c...
compiling stm32f10x_it.c...
compiling stm32f10x_rcc.c...
compiling timer.c...
compiling delay.c...
compiling stm32f10x_usart.c...
compiling sys.c...
compiling stm32f10x_tim.c...
linking...
Program Size: Code=1548 RO-data=336 RW-data=28 ZI-data=1636  
FromELF: creating hex file...
"..\OBJ\LED.axf" - 0 Error(s), 0 Warning(s).

<h2>Software Packages used:</h2>

Package Vendor: Keil
                http://www.keil.com/pack/Keil.STM32F1xx_DFP.2.1.0.pack
                Keil.STM32F1xx_DFP.2.1.0
                STMicroelectronics STM32F1 Series Device Support, Drivers and Examples

<h2>Collection of Component include folders:</h2>
  .\RTE\_LED
  D:\AllPath\MDK\ARM\PACK\Keil\STM32F1xx_DFP\2.1.0\Device\Include

<h2>Collection of Component Files used:</h2>
Build Time Elapsed:  00:00:02
</pre>
</body>
</html>
