Archive member included to satisfy reference by file (symbol)

d:/allpath/st/stm32cubeide_1.6.1/stm32cubeide/plugins/com.st.stm32cube.ide.mcu.externaltools.gnu-tools-for-stm32.9-2020-q2-update.win32_2.0.0.202105311346/tools/bin/../lib/gcc/arm-none-eabi/9.3.1/../../../../arm-none-eabi/lib/thumb/v7-m/nofp\libc_nano.a(lib_a-errno.o)
                              ./Core/Src/syscalls.o (__errno)
d:/allpath/st/stm32cubeide_1.6.1/stm32cubeide/plugins/com.st.stm32cube.ide.mcu.externaltools.gnu-tools-for-stm32.9-2020-q2-update.win32_2.0.0.202105311346/tools/bin/../lib/gcc/arm-none-eabi/9.3.1/../../../../arm-none-eabi/lib/thumb/v7-m/nofp\libc_nano.a(lib_a-exit.o)
                              d:/allpath/st/stm32cubeide_1.6.1/stm32cubeide/plugins/com.st.stm32cube.ide.mcu.externaltools.gnu-tools-for-stm32.9-2020-q2-update.win32_2.0.0.202105311346/tools/bin/../lib/gcc/arm-none-eabi/9.3.1/../../../../arm-none-eabi/lib/thumb/v7-m/nofp/crt0.o (exit)
d:/allpath/st/stm32cubeide_1.6.1/stm32cubeide/plugins/com.st.stm32cube.ide.mcu.externaltools.gnu-tools-for-stm32.9-2020-q2-update.win32_2.0.0.202105311346/tools/bin/../lib/gcc/arm-none-eabi/9.3.1/../../../../arm-none-eabi/lib/thumb/v7-m/nofp\libc_nano.a(lib_a-impure.o)
                              d:/allpath/st/stm32cubeide_1.6.1/stm32cubeide/plugins/com.st.stm32cube.ide.mcu.externaltools.gnu-tools-for-stm32.9-2020-q2-update.win32_2.0.0.202105311346/tools/bin/../lib/gcc/arm-none-eabi/9.3.1/../../../../arm-none-eabi/lib/thumb/v7-m/nofp\libc_nano.a(lib_a-exit.o) (_global_impure_ptr)
d:/allpath/st/stm32cubeide_1.6.1/stm32cubeide/plugins/com.st.stm32cube.ide.mcu.externaltools.gnu-tools-for-stm32.9-2020-q2-update.win32_2.0.0.202105311346/tools/bin/../lib/gcc/arm-none-eabi/9.3.1/../../../../arm-none-eabi/lib/thumb/v7-m/nofp\libc_nano.a(lib_a-init.o)
                              d:/allpath/st/stm32cubeide_1.6.1/stm32cubeide/plugins/com.st.stm32cube.ide.mcu.externaltools.gnu-tools-for-stm32.9-2020-q2-update.win32_2.0.0.202105311346/tools/bin/../lib/gcc/arm-none-eabi/9.3.1/../../../../arm-none-eabi/lib/thumb/v7-m/nofp/crt0.o (__libc_init_array)
d:/allpath/st/stm32cubeide_1.6.1/stm32cubeide/plugins/com.st.stm32cube.ide.mcu.externaltools.gnu-tools-for-stm32.9-2020-q2-update.win32_2.0.0.202105311346/tools/bin/../lib/gcc/arm-none-eabi/9.3.1/../../../../arm-none-eabi/lib/thumb/v7-m/nofp\libc_nano.a(lib_a-memset.o)
                              d:/allpath/st/stm32cubeide_1.6.1/stm32cubeide/plugins/com.st.stm32cube.ide.mcu.externaltools.gnu-tools-for-stm32.9-2020-q2-update.win32_2.0.0.202105311346/tools/bin/../lib/gcc/arm-none-eabi/9.3.1/../../../../arm-none-eabi/lib/thumb/v7-m/nofp/crt0.o (memset)

Allocating common symbols
Common symbol       size              file

LED_f2              0x4               ./Core/Src/main.o
uwTick              0x4               ./Drivers/STM32F1xx_HAL_Driver/Src/stm32f1xx_hal.o
pFlash              0x20              ./Drivers/STM32F1xx_HAL_Driver/Src/stm32f1xx_hal_flash.o
LED_f1              0x4               ./Core/Src/main.o

Discarded input sections

 .text          0x0000000000000000        0x0 d:/allpath/st/stm32cubeide_1.6.1/stm32cubeide/plugins/com.st.stm32cube.ide.mcu.externaltools.gnu-tools-for-stm32.9-2020-q2-update.win32_2.0.0.202105311346/tools/bin/../lib/gcc/arm-none-eabi/9.3.1/thumb/v7-m/nofp/crti.o
 .data          0x0000000000000000        0x0 d:/allpath/st/stm32cubeide_1.6.1/stm32cubeide/plugins/com.st.stm32cube.ide.mcu.externaltools.gnu-tools-for-stm32.9-2020-q2-update.win32_2.0.0.202105311346/tools/bin/../lib/gcc/arm-none-eabi/9.3.1/thumb/v7-m/nofp/crti.o
 .bss           0x0000000000000000        0x0 d:/allpath/st/stm32cubeide_1.6.1/stm32cubeide/plugins/com.st.stm32cube.ide.mcu.externaltools.gnu-tools-for-stm32.9-2020-q2-update.win32_2.0.0.202105311346/tools/bin/../lib/gcc/arm-none-eabi/9.3.1/thumb/v7-m/nofp/crti.o
 .data          0x0000000000000000        0x4 d:/allpath/st/stm32cubeide_1.6.1/stm32cubeide/plugins/com.st.stm32cube.ide.mcu.externaltools.gnu-tools-for-stm32.9-2020-q2-update.win32_2.0.0.202105311346/tools/bin/../lib/gcc/arm-none-eabi/9.3.1/thumb/v7-m/nofp/crtbegin.o
 .text          0x0000000000000000       0x7c d:/allpath/st/stm32cubeide_1.6.1/stm32cubeide/plugins/com.st.stm32cube.ide.mcu.externaltools.gnu-tools-for-stm32.9-2020-q2-update.win32_2.0.0.202105311346/tools/bin/../lib/gcc/arm-none-eabi/9.3.1/../../../../arm-none-eabi/lib/thumb/v7-m/nofp/crt0.o
 .data          0x0000000000000000        0x0 d:/allpath/st/stm32cubeide_1.6.1/stm32cubeide/plugins/com.st.stm32cube.ide.mcu.externaltools.gnu-tools-for-stm32.9-2020-q2-update.win32_2.0.0.202105311346/tools/bin/../lib/gcc/arm-none-eabi/9.3.1/../../../../arm-none-eabi/lib/thumb/v7-m/nofp/crt0.o
[...]
Memory Configuration

Name             Origin             Length             Attributes
RAM              0x0000000020000000 0x000000000000c000 xrw
FLASH            0x0000000008000000 0x0000000000040000 xr
*default*        0x0000000000000000 0xffffffffffffffff

Linker script and memory map

LOAD d:/allpath/st/stm32cubeide_1.6.1/stm32cubeide/plugins/com.st.stm32cube.ide.mcu.externaltools.gnu-tools-for-stm32.9-2020-q2-update.win32_2.0.0.202105311346/tools/bin/../lib/gcc/arm-none-eabi/9.3.1/thumb/v7-m/nofp/crti.o
LOAD d:/allpath/st/stm32cubeide_1.6.1/stm32cubeide/plugins/com.st.stm32cube.ide.mcu.externaltools.gnu-tools-for-stm32.9-2020-q2-update.win32_2.0.0.202105311346/tools/bin/../lib/gcc/arm-none-eabi/9.3.1/thumb/v7-m/nofp/crtbegin.o
LOAD d:/allpath/st/stm32cubeide_1.6.1/stm32cubeide/plugins/com.st.stm32cube.ide.mcu.externaltools.gnu-tools-for-stm32.9-2020-q2-update.win32_2.0.0.202105311346/tools/bin/../lib/gcc/arm-none-eabi/9.3.1/../../../../arm-none-eabi/lib/thumb/v7-m/nofp/crt0.o
LOAD ./Core/Src/gpio.o
LOAD ./Core/Src/main.o
LOAD ./Core/Src/stm32f1xx_hal_msp.o
LOAD ./Core/Src/stm32f1xx_it.o
LOAD ./Core/Src/syscalls.o
LOAD ./Core/Src/sysmem.o
LOAD ./Core/Src/system_stm32f1xx.o
LOAD ./Core/Startup/startup_stm32f103rctx.o
LOAD ./Drivers/STM32F1xx_HAL_Driver/Src/stm32f1xx_hal.o
LOAD ./Drivers/STM32F1xx_HAL_Driver/Src/stm32f1xx_hal_cortex.o
LOAD ./Drivers/STM32F1xx_HAL_Driver/Src/stm32f1xx_hal_dma.o
LOAD ./Drivers/STM32F1xx_HAL_Driver/Src/stm32f1xx_hal_exti.o
LOAD ./Drivers/STM32F1xx_HAL_Driver/Src/stm32f1xx_hal_flash.o
LOAD ./Drivers/STM32F1xx_HAL_Driver/Src/stm32f1xx_hal_flash_ex.o
LOAD ./Drivers/STM32F1xx_HAL_Driver/Src/stm32f1xx_hal_gpio.o
LOAD ./Drivers/STM32F1xx_HAL_Driver/Src/stm32f1xx_hal_gpio_ex.o
LOAD ./Drivers/STM32F1xx_HAL_Driver/Src/stm32f1xx_hal_pwr.o
LOAD ./Drivers/STM32F1xx_HAL_Driver/Src/stm32f1xx_hal_rcc.o
LOAD ./Drivers/STM32F1xx_HAL_Driver/Src/stm32f1xx_hal_rcc_ex.o
LOAD ./Drivers/STM32F1xx_HAL_Driver/Src/stm32f1xx_hal_tim.o
LOAD ./Drivers/STM32F1xx_HAL_Driver/Src/stm32f1xx_hal_tim_ex.o
START GROUP
LOAD d:/allpath/st/stm32cubeide_1.6.1/stm32cubeide/plugins/com.st.stm32cube.ide.mcu.externaltools.gnu-tools-for-stm32.9-2020-q2-update.win32_2.0.0.202105311346/tools/bin/../lib/gcc/arm-none-eabi/9.3.1/../../../../arm-none-eabi/lib/thumb/v7-m/nofp\libc_nano.a
LOAD d:/allpath/st/stm32cubeide_1.6.1/stm32cubeide/plugins/com.st.stm32cube.ide.mcu.externaltools.gnu-tools-for-stm32.9-2020-q2-update.win32_2.0.0.202105311346/tools/bin/../lib/gcc/arm-none-eabi/9.3.1/../../../../arm-none-eabi/lib/thumb/v7-m/nofp\libm.a
END GROUP
START GROUP
LOAD d:/allpath/st/stm32cubeide_1.6.1/stm32cubeide/plugins/com.st.stm32cube.ide.mcu.externaltools.gnu-tools-for-stm32.9-2020-q2-update.win32_2.0.0.202105311346/tools/bin/../lib/gcc/arm-none-eabi/9.3.1/thumb/v7-m/nofp\libgcc.a
LOAD d:/allpath/st/stm32cubeide_1.6.1/stm32cubeide/plugins/com.st.stm32cube.ide.mcu.externaltools.gnu-tools-for-stm32.9-2020-q2-update.win32_2.0.0.202105311346/tools/bin/../lib/gcc/arm-none-eabi/9.3.1/../../../../arm-none-eabi/lib/thumb/v7-m/nofp\libc_nano.a
END GROUP
START GROUP
LOAD d:/allpath/st/stm32cubeide_1.6.1/stm32cubeide/plugins/com.st.stm32cube.ide.mcu.externaltools.gnu-tools-for-stm32.9-2020-q2-update.win32_2.0.0.202105311346/tools/bin/../lib/gcc/arm-none-eabi/9.3.1/thumb/v7-m/nofp\libgcc.a
LOAD d:/allpath/st/stm32cubeide_1.6.1/stm32cubeide/plugins/com.st.stm32cube.ide.mcu.externaltools.gnu-tools-for-stm32.9-2020-q2-update.win32_2.0.0.202105311346/tools/bin/../lib/gcc/arm-none-eabi/9.3.1/../../../../arm-none-eabi/lib/thumb/v7-m/nofp\libc_nano.a
LOAD d:/allpath/st/stm32cubeide_1.6.1/stm32cubeide/plugins/com.st.stm32cube.ide.mcu.externaltools.gnu-tools-for-stm32.9-2020-q2-update.win32_2.0.0.202105311346/tools/bin/../lib/gcc/arm-none-eabi/9.3.1/../../../../arm-none-eabi/lib/thumb/v7-m/nofp\libnosys.a
END GROUP
START GROUP
LOAD d:/allpath/st/stm32cubeide_1.6.1/stm32cubeide/plugins/com.st.stm32cube.ide.mcu.externaltools.gnu-tools-for-stm32.9-2020-q2-update.win32_2.0.0.202105311346/tools/bin/../lib/gcc/arm-none-eabi/9.3.1/thumb/v7-m/nofp\libgcc.a
LOAD d:/allpath/st/stm32cubeide_1.6.1/stm32cubeide/plugins/com.st.stm32cube.ide.mcu.externaltools.gnu-tools-for-stm32.9-2020-q2-update.win32_2.0.0.202105311346/tools/bin/../lib/gcc/arm-none-eabi/9.3.1/../../../../arm-none-eabi/lib/thumb/v7-m/nofp\libc_nano.a
LOAD d:/allpath/st/stm32cubeide_1.6.1/stm32cubeide/plugins/com.st.stm32cube.ide.mcu.externaltools.gnu-tools-for-stm32.9-2020-q2-update.win32_2.0.0.202105311346/tools/bin/../lib/gcc/arm-none-eabi/9.3.1/../../../../arm-none-eabi/lib/thumb/v7-m/nofp\libnosys.a
END GROUP
LOAD d:/allpath/st/stm32cubeide_1.6.1/stm32cubeide/plugins/com.st.stm32cube.ide.mcu.externaltools.gnu-tools-for-stm32.9-2020-q2-update.win32_2.0.0.202105311346/tools/bin/../lib/gcc/arm-none-eabi/9.3.1/thumb/v7-m/nofp/crtend.o
LOAD d:/allpath/st/stm32cubeide_1.6.1/stm32cubeide/plugins/com.st.stm32cube.ide.mcu.externaltools.gnu-tools-for-stm32.9-2020-q2-update.win32_2.0.0.202105311346/tools/bin/../lib/gcc/arm-none-eabi/9.3.1/thumb/v7-m/nofp/crtn.o
                0x000000002000c000                _estack = (ORIGIN (RAM) + LENGTH (RAM))
                0x0000000000000200                _Min_Heap_Size = 0x200
                0x0000000000000400                _Min_Stack_Size = 0x400

.isr_vector     0x0000000008000000      0x1e4
                0x0000000008000000                . = ALIGN (0x4)
 *(.isr_vector)
 .isr_vector    0x0000000008000000      0x1e4 ./Core/Startup/startup_stm32f103rctx.o
                0x0000000008000000                g_pfnVectors
                0x00000000080001e4                . = ALIGN (0x4)

.text           0x00000000080001e4     0x11cc
                0x00000000080001e4                . = ALIGN (0x4)
 *(.text)
 .text          0x00000000080001e4       0x40 d:/allpath/st/stm32cubeide_1.6.1/stm32cubeide/plugins/com.st.stm32cube.ide.mcu.externaltools.gnu-tools-for-stm32.9-2020-q2-update.win32_2.0.0.202105311346/tools/bin/../lib/gcc/arm-none-eabi/9.3.1/thumb/v7-m/nofp/crtbegin.o
 *(.text*)
 .text.MX_GPIO_Init
                0x0000000008000224       0xc0 ./Core/Src/gpio.o
                0x0000000008000224                MX_GPIO_Init
 .text.main     0x00000000080002e4       0x60 ./Core/Src/main.o
                0x00000000080002e4                main
 .text.SystemClock_Config
                0x0000000008000344       0x8a ./Core/Src/main.o
                0x0000000008000344                SystemClock_Config
 .text.Error_Handler
                0x00000000080003ce        0xa ./Core/Src/main.o
                0x00000000080003ce                Error_Handler
 .text.HAL_MspInit
                0x00000000080003d8       0x64 ./Core/Src/stm32f1xx_hal_msp.o
                0x00000000080003d8                HAL_MspInit
 .text.NMI_Handler
                0x000000000800043c        0x6 ./Core/Src/stm32f1xx_it.o
                0x000000000800043c                NMI_Handler
 .text.HardFault_Handler
                0x0000000008000442        0x6 ./Core/Src/stm32f1xx_it.o
                0x0000000008000442                HardFault_Handler
 .text.MemManage_Handler
                0x0000000008000448        0x6 ./Core/Src/stm32f1xx_it.o
                0x0000000008000448                MemManage_Handler
 .text.BusFault_Handler
                0x000000000800044e        0x6 ./Core/Src/stm32f1xx_it.o
                0x000000000800044e                BusFault_Handler
 .text.UsageFault_Handler
                0x0000000008000454        0x6 ./Core/Src/stm32f1xx_it.o
                0x0000000008000454                UsageFault_Handler
 .text.SVC_Handler
                0x000000000800045a        0xc ./Core/Src/stm32f1xx_it.o
                0x000000000800045a                SVC_Handler
 .text.DebugMon_Handler
                0x0000000008000466        0xc ./Core/Src/stm32f1xx_it.o
                0x0000000008000466                DebugMon_Handler
 .text.PendSV_Handler
                0x0000000008000472        0xc ./Core/Src/stm32f1xx_it.o
                0x0000000008000472                PendSV_Handler
 .text.SysTick_Handler
                0x000000000800047e        0xc ./Core/Src/stm32f1xx_it.o
                0x000000000800047e                SysTick_Handler
 .text.SystemInit
                0x000000000800048a        0xc ./Core/Src/system_stm32f1xx.o
                0x000000000800048a                SystemInit
 *fill*         0x0000000008000496        0x2 
 .text.Reset_Handler
                0x0000000008000498       0x48 ./Core/Startup/startup_stm32f103rctx.o
                0x0000000008000498                Reset_Handler
 .text.Default_Handler
                0x00000000080004e0        0x2 ./Core/Startup/startup_stm32f103rctx.o
                0x00000000080004e0                RTC_Alarm_IRQHandler
                0x00000000080004e0                EXTI2_IRQHandler
                0x00000000080004e0                TIM8_TRG_COM_IRQHandler
                0x00000000080004e0                TIM8_CC_IRQHandler
                0x00000000080004e0                TIM1_CC_IRQHandler
                0x00000000080004e0                TIM6_IRQHandler
                0x00000000080004e0                PVD_IRQHandler
                0x00000000080004e0                SDIO_IRQHandler
                0x00000000080004e0                EXTI3_IRQHandler
                0x00000000080004e0                EXTI0_IRQHandler
                0x00000000080004e0                I2C2_EV_IRQHandler
                0x00000000080004e0                ADC1_2_IRQHandler
                0x00000000080004e0                SPI1_IRQHandler
                0x00000000080004e0                TAMPER_IRQHandler
                0x00000000080004e0                TIM8_UP_IRQHandler
                0x00000000080004e0                DMA2_Channel2_IRQHandler
                0x00000000080004e0                DMA1_Channel4_IRQHandler
                0x00000000080004e0                USART3_IRQHandler
                0x00000000080004e0                RTC_IRQHandler
                0x00000000080004e0                DMA1_Channel7_IRQHandler
                0x00000000080004e0                CAN1_RX1_IRQHandler
                0x00000000080004e0                UART5_IRQHandler
                0x00000000080004e0                ADC3_IRQHandler
                0x00000000080004e0                TIM4_IRQHandler
                0x00000000080004e0                DMA2_Channel1_IRQHandler
                0x00000000080004e0                I2C1_EV_IRQHandler
                0x00000000080004e0                DMA1_Channel6_IRQHandler
                0x00000000080004e0                UART4_IRQHandler
                0x00000000080004e0                TIM3_IRQHandler
                0x00000000080004e0                RCC_IRQHandler
                0x00000000080004e0                TIM1_TRG_COM_IRQHandler
                0x00000000080004e0                DMA1_Channel1_IRQHandler
                0x00000000080004e0                Default_Handler
                0x00000000080004e0                EXTI15_10_IRQHandler
                0x00000000080004e0                TIM7_IRQHandler
                0x00000000080004e0                TIM5_IRQHandler
                0x00000000080004e0                EXTI9_5_IRQHandler
                0x00000000080004e0                SPI2_IRQHandler
                0x00000000080004e0                DMA1_Channel5_IRQHandler
                0x00000000080004e0                EXTI4_IRQHandler
                0x00000000080004e0                USB_LP_CAN1_RX0_IRQHandler
                0x00000000080004e0                USB_HP_CAN1_TX_IRQHandler
                0x00000000080004e0                DMA1_Channel3_IRQHandler
                0x00000000080004e0                FSMC_IRQHandler
                0x00000000080004e0                TIM1_UP_IRQHandler
                0x00000000080004e0                WWDG_IRQHandler
                0x00000000080004e0                TIM2_IRQHandler
                0x00000000080004e0                TIM1_BRK_IRQHandler
                0x00000000080004e0                EXTI1_IRQHandler
                0x00000000080004e0                DMA2_Channel4_5_IRQHandler
                0x00000000080004e0                USART2_IRQHandler
                0x00000000080004e0                I2C2_ER_IRQHandler
                0x00000000080004e0                DMA1_Channel2_IRQHandler
                0x00000000080004e0                TIM8_BRK_IRQHandler
                0x00000000080004e0                CAN1_SCE_IRQHandler
                0x00000000080004e0                FLASH_IRQHandler
                0x00000000080004e0                USART1_IRQHandler
                0x00000000080004e0                SPI3_IRQHandler
                0x00000000080004e0                I2C1_ER_IRQHandler
                0x00000000080004e0                USBWakeUp_IRQHandler
                0x00000000080004e0                DMA2_Channel3_IRQHandler
 *fill*         0x00000000080004e2        0x2 
 .text.HAL_Init
                0x00000000080004e4       0x2c ./Drivers/STM32F1xx_HAL_Driver/Src/stm32f1xx_hal.o
                0x00000000080004e4                HAL_Init
 .text.HAL_InitTick
                0x0000000008000510       0x60 ./Drivers/STM32F1xx_HAL_Driver/Src/stm32f1xx_hal.o
                0x0000000008000510                HAL_InitTick
 .text.HAL_IncTick
                0x0000000008000570       0x24 ./Drivers/STM32F1xx_HAL_Driver/Src/stm32f1xx_hal.o
                0x0000000008000570                HAL_IncTick
 .text.HAL_GetTick
                0x0000000008000594       0x14 ./Drivers/STM32F1xx_HAL_Driver/Src/stm32f1xx_hal.o
                0x0000000008000594                HAL_GetTick
 .text.HAL_Delay
                0x00000000080005a8       0x48 ./Drivers/STM32F1xx_HAL_Driver/Src/stm32f1xx_hal.o
                0x00000000080005a8                HAL_Delay
 .text.__NVIC_SetPriorityGrouping
                0x00000000080005f0       0x48 ./Drivers/STM32F1xx_HAL_Driver/Src/stm32f1xx_hal_cortex.o
 .text.__NVIC_GetPriorityGrouping
                0x0000000008000638       0x1c ./Drivers/STM32F1xx_HAL_Driver/Src/stm32f1xx_hal_cortex.o
 .text.__NVIC_SetPriority
                0x0000000008000654       0x54 ./Drivers/STM32F1xx_HAL_Driver/Src/stm32f1xx_hal_cortex.o
 .text.NVIC_EncodePriority
                0x00000000080006a8       0x64 ./Drivers/STM32F1xx_HAL_Driver/Src/stm32f1xx_hal_cortex.o
 .text.SysTick_Config
                0x000000000800070c       0x44 ./Drivers/STM32F1xx_HAL_Driver/Src/stm32f1xx_hal_cortex.o
 .text.HAL_NVIC_SetPriorityGrouping
                0x0000000008000750       0x16 ./Drivers/STM32F1xx_HAL_Driver/Src/stm32f1xx_hal_cortex.o
                0x0000000008000750                HAL_NVIC_SetPriorityGrouping
 .text.HAL_NVIC_SetPriority
                0x0000000008000766       0x38 ./Drivers/STM32F1xx_HAL_Driver/Src/stm32f1xx_hal_cortex.o
                0x0000000008000766                HAL_NVIC_SetPriority
 .text.HAL_SYSTICK_Config
                0x000000000800079e       0x18 ./Drivers/STM32F1xx_HAL_Driver/Src/stm32f1xx_hal_cortex.o
                0x000000000800079e                HAL_SYSTICK_Config
 *fill*         0x00000000080007b6        0x2 
 .text.HAL_GPIO_Init
                0x00000000080007b8      0x328 ./Drivers/STM32F1xx_HAL_Driver/Src/stm32f1xx_hal_gpio.o
                0x00000000080007b8                HAL_GPIO_Init
 .text.HAL_GPIO_ReadPin
                0x0000000008000ae0       0x2e ./Drivers/STM32F1xx_HAL_Driver/Src/stm32f1xx_hal_gpio.o
                0x0000000008000ae0                HAL_GPIO_ReadPin
 .text.HAL_GPIO_WritePin
                0x0000000008000b0e       0x30 ./Drivers/STM32F1xx_HAL_Driver/Src/stm32f1xx_hal_gpio.o
                0x0000000008000b0e                HAL_GPIO_WritePin
 .text.HAL_GPIO_TogglePin
                0x0000000008000b3e       0x32 ./Drivers/STM32F1xx_HAL_Driver/Src/stm32f1xx_hal_gpio.o
                0x0000000008000b3e                HAL_GPIO_TogglePin
 .text.HAL_RCC_OscConfig
                0x0000000008000b70      0x500 ./Drivers/STM32F1xx_HAL_Driver/Src/stm32f1xx_hal_rcc.o
                0x0000000008000b70                HAL_RCC_OscConfig
 .text.HAL_RCC_ClockConfig
                0x0000000008001070      0x1d4 ./Drivers/STM32F1xx_HAL_Driver/Src/stm32f1xx_hal_rcc.o
                0x0000000008001070                HAL_RCC_ClockConfig
 .text.HAL_RCC_GetSysClockFreq
                0x0000000008001244       0xc0 ./Drivers/STM32F1xx_HAL_Driver/Src/stm32f1xx_hal_rcc.o
                0x0000000008001244                HAL_RCC_GetSysClockFreq
 .text.RCC_Delay
                0x0000000008001304       0x3c ./Drivers/STM32F1xx_HAL_Driver/Src/stm32f1xx_hal_rcc.o
 .text.__libc_init_array
                0x0000000008001340       0x48 d:/allpath/st/stm32cubeide_1.6.1/stm32cubeide/plugins/com.st.stm32cube.ide.mcu.externaltools.gnu-tools-for-stm32.9-2020-q2-update.win32_2.0.0.202105311346/tools/bin/../lib/gcc/arm-none-eabi/9.3.1/../../../../arm-none-eabi/lib/thumb/v7-m/nofp\libc_nano.a(lib_a-init.o)
                0x0000000008001340                __libc_init_array
 .text.memset   0x0000000008001388       0x10 d:/allpath/st/stm32cubeide_1.6.1/stm32cubeide/plugins/com.st.stm32cube.ide.mcu.externaltools.gnu-tools-for-stm32.9-2020-q2-update.win32_2.0.0.202105311346/tools/bin/../lib/gcc/arm-none-eabi/9.3.1/../../../../arm-none-eabi/lib/thumb/v7-m/nofp\libc_nano.a(lib_a-memset.o)
                0x0000000008001388                memset
 *(.glue_7)
 .glue_7        0x0000000008001398        0x0 linker stubs
 *(.glue_7t)
 .glue_7t       0x0000000008001398        0x0 linker stubs
 *(.eh_frame)
 .eh_frame      0x0000000008001398        0x0 d:/allpath/st/stm32cubeide_1.6.1/stm32cubeide/plugins/com.st.stm32cube.ide.mcu.externaltools.gnu-tools-for-stm32.9-2020-q2-update.win32_2.0.0.202105311346/tools/bin/../lib/gcc/arm-none-eabi/9.3.1/thumb/v7-m/nofp/crtbegin.o
 *(.init)
 .init          0x0000000008001398        0x4 d:/allpath/st/stm32cubeide_1.6.1/stm32cubeide/plugins/com.st.stm32cube.ide.mcu.externaltools.gnu-tools-for-stm32.9-2020-q2-update.win32_2.0.0.202105311346/tools/bin/../lib/gcc/arm-none-eabi/9.3.1/thumb/v7-m/nofp/crti.o
                0x0000000008001398                _init
 .init          0x000000000800139c        0x8 d:/allpath/st/stm32cubeide_1.6.1/stm32cubeide/plugins/com.st.stm32cube.ide.mcu.externaltools.gnu-tools-for-stm32.9-2020-q2-update.win32_2.0.0.202105311346/tools/bin/../lib/gcc/arm-none-eabi/9.3.1/thumb/v7-m/nofp/crtn.o
 *(.fini)
 .fini          0x00000000080013a4        0x4 d:/allpath/st/stm32cubeide_1.6.1/stm32cubeide/plugins/com.st.stm32cube.ide.mcu.externaltools.gnu-tools-for-stm32.9-2020-q2-update.win32_2.0.0.202105311346/tools/bin/../lib/gcc/arm-none-eabi/9.3.1/thumb/v7-m/nofp/crti.o
                0x00000000080013a4                _fini
 .fini          0x00000000080013a8        0x8 d:/allpath/st/stm32cubeide_1.6.1/stm32cubeide/plugins/com.st.stm32cube.ide.mcu.externaltools.gnu-tools-for-stm32.9-2020-q2-update.win32_2.0.0.202105311346/tools/bin/../lib/gcc/arm-none-eabi/9.3.1/thumb/v7-m/nofp/crtn.o
                0x00000000080013b0                . = ALIGN (0x4)
                0x00000000080013b0                _etext = .

.vfp11_veneer   0x00000000080013b0        0x0
 .vfp11_veneer  0x00000000080013b0        0x0 linker stubs

.v4_bx          0x00000000080013b0        0x0
 .v4_bx         0x00000000080013b0        0x0 linker stubs

.iplt           0x00000000080013b0        0x0
 .iplt          0x00000000080013b0        0x0 d:/allpath/st/stm32cubeide_1.6.1/stm32cubeide/plugins/com.st.stm32cube.ide.mcu.externaltools.gnu-tools-for-stm32.9-2020-q2-update.win32_2.0.0.202105311346/tools/bin/../lib/gcc/arm-none-eabi/9.3.1/thumb/v7-m/nofp/crtbegin.o

.rodata         0x00000000080013b0       0x20
                0x00000000080013b0                . = ALIGN (0x4)
 *(.rodata)
 .rodata        0x00000000080013b0       0x10 ./Drivers/STM32F1xx_HAL_Driver/Src/stm32f1xx_hal_rcc.o
 *(.rodata*)
 .rodata.AHBPrescTable
                0x00000000080013c0       0x10 ./Core/Src/system_stm32f1xx.o
                0x00000000080013c0                AHBPrescTable
                0x00000000080013d0                . = ALIGN (0x4)

.rel.dyn        0x00000000080013d0        0x0
 .rel.iplt      0x00000000080013d0        0x0 d:/allpath/st/stm32cubeide_1.6.1/stm32cubeide/plugins/com.st.stm32cube.ide.mcu.externaltools.gnu-tools-for-stm32.9-2020-q2-update.win32_2.0.0.202105311346/tools/bin/../lib/gcc/arm-none-eabi/9.3.1/thumb/v7-m/nofp/crtbegin.o

.ARM.extab      0x00000000080013d0        0x0
                0x00000000080013d0                . = ALIGN (0x4)
 *(.ARM.extab* .gnu.linkonce.armextab.*)
                0x00000000080013d0                . = ALIGN (0x4)

.ARM            0x00000000080013d0        0x0
                0x00000000080013d0                . = ALIGN (0x4)
                0x00000000080013d0                __exidx_start = .
 *(.ARM.exidx*)
                0x00000000080013d0                __exidx_end = .
                0x00000000080013d0                . = ALIGN (0x4)

.preinit_array  0x00000000080013d0        0x0
                0x00000000080013d0                . = ALIGN (0x4)
                0x00000000080013d0                PROVIDE (__preinit_array_start = .)
 *(.preinit_array*)
                0x00000000080013d0                PROVIDE (__preinit_array_end = .)
                0x00000000080013d0                . = ALIGN (0x4)

.init_array     0x00000000080013d0        0x4
                0x00000000080013d0                . = ALIGN (0x4)
                0x00000000080013d0                PROVIDE (__init_array_start = .)
 *(SORT_BY_NAME(.init_array.*))
 *(.init_array*)
 .init_array    0x00000000080013d0        0x4 d:/allpath/st/stm32cubeide_1.6.1/stm32cubeide/plugins/com.st.stm32cube.ide.mcu.externaltools.gnu-tools-for-stm32.9-2020-q2-update.win32_2.0.0.202105311346/tools/bin/../lib/gcc/arm-none-eabi/9.3.1/thumb/v7-m/nofp/crtbegin.o
                0x00000000080013d4                PROVIDE (__init_array_end = .)
                0x00000000080013d4                . = ALIGN (0x4)

.fini_array     0x00000000080013d4        0x4
                0x00000000080013d4                . = ALIGN (0x4)
                [!provide]                        PROVIDE (__fini_array_start = .)
 *(SORT_BY_NAME(.fini_array.*))
 *(.fini_array*)
 .fini_array    0x00000000080013d4        0x4 d:/allpath/st/stm32cubeide_1.6.1/stm32cubeide/plugins/com.st.stm32cube.ide.mcu.externaltools.gnu-tools-for-stm32.9-2020-q2-update.win32_2.0.0.202105311346/tools/bin/../lib/gcc/arm-none-eabi/9.3.1/thumb/v7-m/nofp/crtbegin.o
                [!provide]                        PROVIDE (__fini_array_end = .)
                0x00000000080013d8                . = ALIGN (0x4)
                0x00000000080013d8                _sidata = LOADADDR (.data)

.data           0x0000000020000000        0xc load address 0x00000000080013d8
                0x0000000020000000                . = ALIGN (0x4)
                0x0000000020000000                _sdata = .
 *(.data)
 *(.data*)
 .data.SystemCoreClock
                0x0000000020000000        0x4 ./Core/Src/system_stm32f1xx.o
                0x0000000020000000                SystemCoreClock
 .data.uwTickPrio
                0x0000000020000004        0x4 ./Drivers/STM32F1xx_HAL_Driver/Src/stm32f1xx_hal.o
                0x0000000020000004                uwTickPrio
 .data.uwTickFreq
                0x0000000020000008        0x1 ./Drivers/STM32F1xx_HAL_Driver/Src/stm32f1xx_hal.o
                0x0000000020000008                uwTickFreq
 *(.RamFunc)
 *(.RamFunc*)
                0x000000002000000c                . = ALIGN (0x4)
 *fill*         0x0000000020000009        0x3 
                0x000000002000000c                _edata = .

.igot.plt       0x000000002000000c        0x0 load address 0x00000000080013e4
 .igot.plt      0x000000002000000c        0x0 d:/allpath/st/stm32cubeide_1.6.1/stm32cubeide/plugins/com.st.stm32cube.ide.mcu.externaltools.gnu-tools-for-stm32.9-2020-q2-update.win32_2.0.0.202105311346/tools/bin/../lib/gcc/arm-none-eabi/9.3.1/thumb/v7-m/nofp/crtbegin.o
                0x000000002000000c                . = ALIGN (0x4)

.bss            0x000000002000000c       0x28 load address 0x00000000080013e4
                0x000000002000000c                _sbss = .
                0x000000002000000c                __bss_start__ = _sbss
 *(.bss)
 .bss           0x000000002000000c       0x1c d:/allpath/st/stm32cubeide_1.6.1/stm32cubeide/plugins/com.st.stm32cube.ide.mcu.externaltools.gnu-tools-for-stm32.9-2020-q2-update.win32_2.0.0.202105311346/tools/bin/../lib/gcc/arm-none-eabi/9.3.1/thumb/v7-m/nofp/crtbegin.o
 *(.bss*)
 *(COMMON)
 COMMON         0x0000000020000028        0x8 ./Core/Src/main.o
                0x0000000020000028                LED_f2
                0x000000002000002c                LED_f1
 COMMON         0x0000000020000030        0x4 ./Drivers/STM32F1xx_HAL_Driver/Src/stm32f1xx_hal.o
                0x0000000020000030                uwTick
                0x0000000020000034                . = ALIGN (0x4)
                0x0000000020000034                _ebss = .
                0x0000000020000034                __bss_end__ = _ebss

._user_heap_stack
                0x0000000020000034      0x604 load address 0x00000000080013e4
                0x0000000020000038                . = ALIGN (0x8)
 *fill*         0x0000000020000034        0x4 
                [!provide]                        PROVIDE (end = .)
                0x0000000020000038                PROVIDE (_end = .)
                0x0000000020000238                . = (. + _Min_Heap_Size)
 *fill*         0x0000000020000038      0x200 
                0x0000000020000638                . = (. + _Min_Stack_Size)
 *fill*         0x0000000020000238      0x400 
                0x0000000020000638                . = ALIGN (0x8)

/DISCARD/
 libc.a(*)
 libm.a(*)
 libgcc.a(*)

.ARM.attributes
                0x0000000000000000       0x29
 *(.ARM.attributes)
 .ARM.attributes
                0x0000000000000000       0x1d d:/allpath/st/stm32cubeide_1.6.1/stm32cubeide/plugins/com.st.stm32cube.ide.mcu.externaltools.gnu-tools-for-stm32.9-2020-q2-update.win32_2.0.0.202105311346/tools/bin/../lib/gcc/arm-none-eabi/9.3.1/thumb/v7-m/nofp/crti.o
 .ARM.attributes
                0x000000000000001d       0x2d d:/allpath/st/stm32cubeide_1.6.1/stm32cubeide/plugins/com.st.stm32cube.ide.mcu.externaltools.gnu-tools-for-stm32.9-2020-q2-update.win32_2.0.0.202105311346/tools/bin/../lib/gcc/arm-none-eabi/9.3.1/thumb/v7-m/nofp/crtbegin.o
 .ARM.attributes
                0x000000000000004a       0x2d ./Core/Src/gpio.o
 .ARM.attributes
                0x0000000000000077       0x2d ./Core/Src/main.o
 .ARM.attributes
                0x00000000000000a4       0x2d ./Core/Src/stm32f1xx_hal_msp.o
 .ARM.attributes
                0x00000000000000d1       0x2d ./Core/Src/stm32f1xx_it.o
 .ARM.attributes
                0x00000000000000fe       0x2d ./Core/Src/system_stm32f1xx.o
 .ARM.attributes
                0x000000000000012b       0x21 ./Core/Startup/startup_stm32f103rctx.o
 .ARM.attributes
                0x000000000000014c       0x2d ./Drivers/STM32F1xx_HAL_Driver/Src/stm32f1xx_hal.o
 .ARM.attributes
                0x0000000000000179       0x2d ./Drivers/STM32F1xx_HAL_Driver/Src/stm32f1xx_hal_cortex.o
 .ARM.attributes
                0x00000000000001a6       0x2d ./Drivers/STM32F1xx_HAL_Driver/Src/stm32f1xx_hal_gpio.o
 .ARM.attributes
                0x00000000000001d3       0x2d ./Drivers/STM32F1xx_HAL_Driver/Src/stm32f1xx_hal_rcc.o
 .ARM.attributes
                0x0000000000000200       0x2d d:/allpath/st/stm32cubeide_1.6.1/stm32cubeide/plugins/com.st.stm32cube.ide.mcu.externaltools.gnu-tools-for-stm32.9-2020-q2-update.win32_2.0.0.202105311346/tools/bin/../lib/gcc/arm-none-eabi/9.3.1/../../../../arm-none-eabi/lib/thumb/v7-m/nofp\libc_nano.a(lib_a-init.o)
 .ARM.attributes
                0x000000000000022d       0x2d d:/allpath/st/stm32cubeide_1.6.1/stm32cubeide/plugins/com.st.stm32cube.ide.mcu.externaltools.gnu-tools-for-stm32.9-2020-q2-update.win32_2.0.0.202105311346/tools/bin/../lib/gcc/arm-none-eabi/9.3.1/../../../../arm-none-eabi/lib/thumb/v7-m/nofp\libc_nano.a(lib_a-memset.o)
 .ARM.attributes
                0x000000000000025a       0x1d d:/allpath/st/stm32cubeide_1.6.1/stm32cubeide/plugins/com.st.stm32cube.ide.mcu.externaltools.gnu-tools-for-stm32.9-2020-q2-update.win32_2.0.0.202105311346/tools/bin/../lib/gcc/arm-none-eabi/9.3.1/thumb/v7-m/nofp/crtn.o
OUTPUT(Test_led.elf elf32-littlearm)
LOAD linker stubs
LOAD d:/allpath/st/stm32cubeide_1.6.1/stm32cubeide/plugins/com.st.stm32cube.ide.mcu.externaltools.gnu-tools-for-stm32.9-2020-q2-update.win32_2.0.0.202105311346/tools/bin/../lib/gcc/arm-none-eabi/9.3.1/../../../../arm-none-eabi/lib/thumb/v7-m/nofp\libc.a
LOAD d:/allpath/st/stm32cubeide_1.6.1/stm32cubeide/plugins/com.st.stm32cube.ide.mcu.externaltools.gnu-tools-for-stm32.9-2020-q2-update.win32_2.0.0.202105311346/tools/bin/../lib/gcc/arm-none-eabi/9.3.1/../../../../arm-none-eabi/lib/thumb/v7-m/nofp\libm.a
LOAD d:/allpath/st/stm32cubeide_1.6.1/stm32cubeide/plugins/com.st.stm32cube.ide.mcu.externaltools.gnu-tools-for-stm32.9-2020-q2-update.win32_2.0.0.202105311346/tools/bin/../lib/gcc/arm-none-eabi/9.3.1/thumb/v7-m/nofp\libgcc.a

.debug_info     0x0000000000000000     0x331b
 .debug_info    0x0000000000000000      0x38f ./Core/Src/gpio.o
 .debug_info    0x000000000000038f      0x3ed ./Core/Src/main.o
 .debug_info    0x000000000000077c      0x2fc ./Core/Src/stm32f1xx_hal_msp.o
 .debug_info    0x0000000000000a78      0x222 ./Core/Src/stm32f1xx_it.o
 .debug_info    0x0000000000000c9a      0x2be ./Core/Src/system_stm32f1xx.o
 .debug_info    0x0000000000000f58       0x22 ./Core/Startup/startup_stm32f103rctx.o
 .debug_info    0x0000000000000f7a      0x7d0 ./Drivers/STM32F1xx_HAL_Driver/Src/stm32f1xx_hal.o
 .debug_info    0x000000000000174a      0xc42 ./Drivers/STM32F1xx_HAL_Driver/Src/stm32f1xx_hal_cortex.o
 .debug_info    0x000000000000238c      0x701 ./Drivers/STM32F1xx_HAL_Driver/Src/stm32f1xx_hal_gpio.o
 .debug_info    0x0000000000002a8d      0x88e ./Drivers/STM32F1xx_HAL_Driver/Src/stm32f1xx_hal_rcc.o

.debug_abbrev   0x0000000000000000      0xf90
 .debug_abbrev  0x0000000000000000      0x14e ./Core/Src/gpio.o
 .debug_abbrev  0x000000000000014e      0x198 ./Core/Src/main.o
 .debug_abbrev  0x00000000000002e6      0x11d ./Core/Src/stm32f1xx_hal_msp.o
 .debug_abbrev  0x0000000000000403       0xd2 ./Core/Src/stm32f1xx_it.o
 .debug_abbrev  0x00000000000004d5      0x14e ./Core/Src/system_stm32f1xx.o
 .debug_abbrev  0x0000000000000623       0x12 ./Core/Startup/startup_stm32f103rctx.o
 .debug_abbrev  0x0000000000000635      0x1ed ./Drivers/STM32F1xx_HAL_Driver/Src/stm32f1xx_hal.o
 .debug_abbrev  0x0000000000000822      0x313 ./Drivers/STM32F1xx_HAL_Driver/Src/stm32f1xx_hal_cortex.o
 .debug_abbrev  0x0000000000000b35      0x1e8 ./Drivers/STM32F1xx_HAL_Driver/Src/stm32f1xx_hal_gpio.o
 .debug_abbrev  0x0000000000000d1d      0x273 ./Drivers/STM32F1xx_HAL_Driver/Src/stm32f1xx_hal_rcc.o

.debug_aranges  0x0000000000000000      0x3e8
 .debug_aranges
                0x0000000000000000       0x20 ./Core/Src/gpio.o
 .debug_aranges
                0x0000000000000020       0x30 ./Core/Src/main.o
 .debug_aranges
                0x0000000000000050       0x20 ./Core/Src/stm32f1xx_hal_msp.o
 .debug_aranges
                0x0000000000000070       0x60 ./Core/Src/stm32f1xx_it.o
 .debug_aranges
                0x00000000000000d0       0x28 ./Core/Src/system_stm32f1xx.o
 .debug_aranges
                0x00000000000000f8       0x28 ./Core/Startup/startup_stm32f103rctx.o
 .debug_aranges
                0x0000000000000120       0xe0 ./Drivers/STM32F1xx_HAL_Driver/Src/stm32f1xx_hal.o
 .debug_aranges
                0x0000000000000200      0x100 ./Drivers/STM32F1xx_HAL_Driver/Src/stm32f1xx_hal_cortex.o
 .debug_aranges
                0x0000000000000300       0x58 ./Drivers/STM32F1xx_HAL_Driver/Src/stm32f1xx_hal_gpio.o
 .debug_aranges
                0x0000000000000358       0x90 ./Drivers/STM32F1xx_HAL_Driver/Src/stm32f1xx_hal_rcc.o

.debug_ranges   0x0000000000000000      0x350
 .debug_ranges  0x0000000000000000       0x10 ./Core/Src/gpio.o
 .debug_ranges  0x0000000000000010       0x20 ./Core/Src/main.o
 .debug_ranges  0x0000000000000030       0x10 ./Core/Src/stm32f1xx_hal_msp.o
 .debug_ranges  0x0000000000000040       0x50 ./Core/Src/stm32f1xx_it.o
 .debug_ranges  0x0000000000000090       0x18 ./Core/Src/system_stm32f1xx.o
 .debug_ranges  0x00000000000000a8       0x20 ./Core/Startup/startup_stm32f103rctx.o
 .debug_ranges  0x00000000000000c8       0xd0 ./Drivers/STM32F1xx_HAL_Driver/Src/stm32f1xx_hal.o
 .debug_ranges  0x0000000000000198       0xf0 ./Drivers/STM32F1xx_HAL_Driver/Src/stm32f1xx_hal_cortex.o
 .debug_ranges  0x0000000000000288       0x48 ./Drivers/STM32F1xx_HAL_Driver/Src/stm32f1xx_hal_gpio.o
 .debug_ranges  0x00000000000002d0       0x80 ./Drivers/STM32F1xx_HAL_Driver/Src/stm32f1xx_hal_rcc.o

.debug_macro    0x0000000000000000    0x17a6f
 .debug_macro   0x0000000000000000      0x19d ./Core/Src/gpio.o
 .debug_macro   0x000000000000019d      0xa9c ./Core/Src/gpio.o
 .debug_macro   0x0000000000000c39      0x20f ./Core/Src/gpio.o
 .debug_macro   0x0000000000000e48       0x2e ./Core/Src/gpio.o
 .debug_macro   0x0000000000000e76       0x22 ./Core/Src/gpio.o
 .debug_macro   0x0000000000000e98       0x22 ./Core/Src/gpio.o
 .debug_macro   0x0000000000000eba       0x8e ./Core/Src/gpio.o
 .debug_macro   0x0000000000000f48       0x51 ./Core/Src/gpio.o
 .debug_macro   0x0000000000000f99      0x103 ./Core/Src/gpio.o
 .debug_macro   0x000000000000109c       0x6a ./Core/Src/gpio.o
 .debug_macro   0x0000000000001106      0x1df ./Core/Src/gpio.o
 .debug_macro   0x00000000000012e5       0x1c ./Core/Src/gpio.o
 .debug_macro   0x0000000000001301       0x22 ./Core/Src/gpio.o
 .debug_macro   0x0000000000001323       0xc3 ./Core/Src/gpio.o
 .debug_macro   0x00000000000013e6      0xd23 ./Core/Src/gpio.o
 .debug_macro   0x0000000000002109     0xfd8c ./Core/Src/gpio.o
 .debug_macro   0x0000000000011e95       0x6d ./Core/Src/gpio.o
 .debug_macro   0x0000000000011f02     0x3468 ./Core/Src/gpio.o
 .debug_macro   0x000000000001536a      0x174 ./Core/Src/gpio.o
 .debug_macro   0x00000000000154de       0x5c ./Core/Src/gpio.o
 .debug_macro   0x000000000001553a      0x5be ./Core/Src/gpio.o
 .debug_macro   0x0000000000015af8      0x4d5 ./Core/Src/gpio.o
 .debug_macro   0x0000000000015fcd      0x1cb ./Core/Src/gpio.o
 .debug_macro   0x0000000000016198      0x114 ./Core/Src/gpio.o
 .debug_macro   0x00000000000162ac      0x1ea ./Core/Src/gpio.o
 .debug_macro   0x0000000000016496       0x27 ./Core/Src/gpio.o
 .debug_macro   0x00000000000164bd      0x144 ./Core/Src/gpio.o
 .debug_macro   0x0000000000016601      0x1bc ./Core/Src/gpio.o
 .debug_macro   0x00000000000167bd       0x30 ./Core/Src/gpio.o
 .debug_macro   0x00000000000167ed       0x3c ./Core/Src/gpio.o
 .debug_macro   0x0000000000016829       0x57 ./Core/Src/gpio.o
 .debug_macro   0x0000000000016880       0x88 ./Core/Src/gpio.o
 .debug_macro   0x0000000000016908      0x24f ./Core/Src/gpio.o
 .debug_macro   0x0000000000016b57      0x141 ./Core/Src/gpio.o
 .debug_macro   0x0000000000016c98       0xb5 ./Core/Src/gpio.o
 .debug_macro   0x0000000000016d4d       0x1c ./Core/Src/gpio.o
 .debug_macro   0x0000000000016d69      0x1a1 ./Core/Src/main.o
 .debug_macro   0x0000000000016f0a      0x193 ./Core/Src/stm32f1xx_hal_msp.o
 .debug_macro   0x000000000001709d      0x19d ./Core/Src/stm32f1xx_it.o
 .debug_macro   0x000000000001723a      0x184 ./Core/Src/system_stm32f1xx.o
 .debug_macro   0x00000000000173be      0x1a8 ./Drivers/STM32F1xx_HAL_Driver/Src/stm32f1xx_hal.o
 .debug_macro   0x0000000000017566      0x184 ./Drivers/STM32F1xx_HAL_Driver/Src/stm32f1xx_hal_cortex.o
 .debug_macro   0x00000000000176ea      0x1ef ./Drivers/STM32F1xx_HAL_Driver/Src/stm32f1xx_hal_gpio.o
 .debug_macro   0x00000000000178d9      0x196 ./Drivers/STM32F1xx_HAL_Driver/Src/stm32f1xx_hal_rcc.o

.debug_line     0x0000000000000000     0x4cde
 .debug_line    0x0000000000000000      0x670 ./Core/Src/gpio.o
 .debug_line    0x0000000000000670      0x6f9 ./Core/Src/main.o
 .debug_line    0x0000000000000d69      0x655 ./Core/Src/stm32f1xx_hal_msp.o
 .debug_line    0x00000000000013be      0x716 ./Core/Src/stm32f1xx_it.o
 .debug_line    0x0000000000001ad4      0x6d2 ./Core/Src/system_stm32f1xx.o
 .debug_line    0x00000000000021a6       0x87 ./Core/Startup/startup_stm32f103rctx.o
 .debug_line    0x000000000000222d      0x8ff ./Drivers/STM32F1xx_HAL_Driver/Src/stm32f1xx_hal.o
 .debug_line    0x0000000000002b2c      0xae7 ./Drivers/STM32F1xx_HAL_Driver/Src/stm32f1xx_hal_cortex.o
 .debug_line    0x0000000000003613      0x9be ./Drivers/STM32F1xx_HAL_Driver/Src/stm32f1xx_hal_gpio.o
 .debug_line    0x0000000000003fd1      0xd0d ./Drivers/STM32F1xx_HAL_Driver/Src/stm32f1xx_hal_rcc.o

.debug_str      0x0000000000000000    0x89dee
 .debug_str     0x0000000000000000    0x88c51 ./Core/Src/gpio.o
                                      0x8904d (size before relaxing)
 .debug_str     0x0000000000088c51      0x18b ./Core/Src/main.o
                                      0x89125 (size before relaxing)
 .debug_str     0x0000000000088ddc       0x5a ./Core/Src/stm32f1xx_hal_msp.o
                                      0x89003 (size before relaxing)
 .debug_str     0x0000000000088e36       0xbd ./Core/Src/stm32f1xx_it.o
                                      0x89020 (size before relaxing)
 .debug_str     0x0000000000088ef3       0x52 ./Core/Src/system_stm32f1xx.o
                                      0x88f9a (size before relaxing)
 .debug_str     0x0000000000088f45       0x36 ./Core/Startup/startup_stm32f103rctx.o
                                         0x7c (size before relaxing)
 .debug_str     0x0000000000088f7b      0x600 ./Drivers/STM32F1xx_HAL_Driver/Src/stm32f1xx_hal.o
                                      0x8970f (size before relaxing)
 .debug_str     0x000000000008957b      0x300 ./Drivers/STM32F1xx_HAL_Driver/Src/stm32f1xx_hal_cortex.o
                                      0x89717 (size before relaxing)
 .debug_str     0x000000000008987b      0x324 ./Drivers/STM32F1xx_HAL_Driver/Src/stm32f1xx_hal_gpio.o
                                      0x8935e (size before relaxing)
 .debug_str     0x0000000000089b9f      0x24f ./Drivers/STM32F1xx_HAL_Driver/Src/stm32f1xx_hal_rcc.o
                                      0x89397 (size before relaxing)

.comment        0x0000000000000000       0x53
 .comment       0x0000000000000000       0x53 ./Core/Src/gpio.o
                                         0x54 (size before relaxing)
 .comment       0x0000000000000053       0x54 ./Core/Src/main.o
 .comment       0x0000000000000053       0x54 ./Core/Src/stm32f1xx_hal_msp.o
 .comment       0x0000000000000053       0x54 ./Core/Src/stm32f1xx_it.o
 .comment       0x0000000000000053       0x54 ./Core/Src/system_stm32f1xx.o
 .comment       0x0000000000000053       0x54 ./Drivers/STM32F1xx_HAL_Driver/Src/stm32f1xx_hal.o
 .comment       0x0000000000000053       0x54 ./Drivers/STM32F1xx_HAL_Driver/Src/stm32f1xx_hal_cortex.o
 .comment       0x0000000000000053       0x54 ./Drivers/STM32F1xx_HAL_Driver/Src/stm32f1xx_hal_gpio.o
 .comment       0x0000000000000053       0x54 ./Drivers/STM32F1xx_HAL_Driver/Src/stm32f1xx_hal_rcc.o

.debug_frame    0x0000000000000000      0xd40
 .debug_frame   0x0000000000000000       0x34 ./Core/Src/gpio.o
 .debug_frame   0x0000000000000034       0x68 ./Core/Src/main.o
 .debug_frame   0x000000000000009c       0x38 ./Core/Src/stm32f1xx_hal_msp.o
 .debug_frame   0x00000000000000d4      0x104 ./Core/Src/stm32f1xx_it.o
 .debug_frame   0x00000000000001d8       0x58 ./Core/Src/system_stm32f1xx.o
 .debug_frame   0x0000000000000230      0x334 ./Drivers/STM32F1xx_HAL_Driver/Src/stm32f1xx_hal.o
 .debug_frame   0x0000000000000564      0x428 ./Drivers/STM32F1xx_HAL_Driver/Src/stm32f1xx_hal_cortex.o
 .debug_frame   0x000000000000098c      0x14c ./Drivers/STM32F1xx_HAL_Driver/Src/stm32f1xx_hal_gpio.o
 .debug_frame   0x0000000000000ad8      0x21c ./Drivers/STM32F1xx_HAL_Driver/Src/stm32f1xx_hal_rcc.o
 .debug_frame   0x0000000000000cf4       0x2c d:/allpath/st/stm32cubeide_1.6.1/stm32cubeide/plugins/com.st.stm32cube.ide.mcu.externaltools.gnu-tools-for-stm32.9-2020-q2-update.win32_2.0.0.202105311346/tools/bin/../lib/gcc/arm-none-eabi/9.3.1/../../../../arm-none-eabi/lib/thumb/v7-m/nofp\libc_nano.a(lib_a-init.o)
 .debug_frame   0x0000000000000d20       0x20 d:/allpath/st/stm32cubeide_1.6.1/stm32cubeide/plugins/com.st.stm32cube.ide.mcu.externaltools.gnu-tools-for-stm32.9-2020-q2-update.win32_2.0.0.202105311346/tools/bin/../lib/gcc/arm-none-eabi/9.3.1/../../../../arm-none-eabi/lib/thumb/v7-m/nofp\libc_nano.a(lib_a-memset.o)
